::1 - - [16/Jul/2026:12:45:33 +0000] "POST /api/v1/auth/login HTTP/1.1" 200 558 "-" "PostmanRuntime/7.54.0"
::1 - - [22/Jul/2026:12:10:58 +0000] "POST /api/v1/auth/login HTTP/1.1" 500 394 "-" "PostmanRuntime/7.54.0"
::1 - - [22/Jul/2026:12:11:08 +0000] "POST /api/v1/auth/login HTTP/1.1" 500 394 "-" "PostmanRuntime/7.54.0"
::1 - - [22/Jul/2026:12:12:53 +0000] "POST /api/v1/auth/login HTTP/1.1" 500 394 "-" "PostmanRuntime/7.54.0"
::1 - - [22/Jul/2026:12:13:09 +0000] "POST /api/v1/auth/login HTTP/1.1" 500 394 "-" "PostmanRuntime/7.54.0"
::1 - - [22/Jul/2026:12:16:37 +0000] "POST /api/v1/auth/login HTTP/1.1" 500 394 "-" "PostmanRuntime/7.54.0"
::1 - - [22/Jul/2026:12:16:39 +0000] "POST /api/v1/auth/login HTTP/1.1" 500 394 "-" "PostmanRuntime/7.54.0"
::1 - - [22/Jul/2026:12:17:10 +0000] "POST /api/v1/auth/login HTTP/1.1" 500 394 "-" "PostmanRuntime/7.54.0"
::1 - - [22/Jul/2026:12:17:12 +0000] "POST /api/v1/auth/login HTTP/1.1" 500 394 "-" "PostmanRuntime/7.54.0"
::1 - - [22/Jul/2026:12:18:57 +0000] "POST /api/v1/auth/login HTTP/1.1" 500 394 "-" "PostmanRuntime/7.54.0"
::1 - - [22/Jul/2026:12:19:38 +0000] "POST /api/v1/auth/login HTTP/1.1" 200 558 "-" "PostmanRuntime/7.54.0"
::1 - - [22/Jul/2026:12:21:54 +0000] "POST /api/v1/auth/logout-with-redis HTTP/1.1" 404 1518 "-" "PostmanRuntime/7.54.0"
::1 - - [22/Jul/2026:12:21:56 +0000] "POST /api/v1/auth/logout-with-redis HTTP/1.1" 404 1518 "-" "PostmanRuntime/7.54.0"
::1 - - [22/Jul/2026:12:22:13 +0000] "POST /api/v1/auth/logout-with-redis HTTP/1.1" 404 1518 "-" "PostmanRuntime/7.54.0"
::1 - - [22/Jul/2026:12:23:49 +0000] "POST /api/v1/auth/logout-with-redis HTTP/1.1" 404 1518 "-" "PostmanRuntime/7.54.0"
::1 - - [22/Jul/2026:12:26:00 +0000] "POST /api/v1/auth/logout-with-redis HTTP/1.1" 404 1518 "-" "PostmanRuntime/7.54.0"
::1 - - [22/Jul/2026:12:26:02 +0000] "POST /api/v1/auth/logout-with-redis HTTP/1.1" 404 1518 "-" "PostmanRuntime/7.54.0"
::1 - - [22/Jul/2026:12:26:42 +0000] "POST /api/v1/auth/logout-with-redis HTTP/1.1" 404 1518 "-" "PostmanRuntime/7.54.0"
::1 - - [22/Jul/2026:12:26:44 +0000] "POST /api/v1/auth/logout-with-redis HTTP/1.1" 404 1518 "-" "PostmanRuntime/7.54.0"
::1 - - [22/Jul/2026:12:27:31 +0000] "POST /api/v1/auth/logout-with-redis HTTP/1.1" 404 1518 "-" "PostmanRuntime/7.54.0"
::1 - - [22/Jul/2026:12:27:33 +0000] "POST /api/v1/auth/logout-with-redis HTTP/1.1" 404 1518 "-" "PostmanRuntime/7.54.0"
::1 - - [22/Jul/2026:12:28:07 +0000] "POST /api/v1/auth/logout-with-redis HTTP/1.1" 404 1518 "-" "PostmanRuntime/7.54.0"
::1 - - [22/Jul/2026:12:28:08 +0000] "POST /api/v1/auth/logout-with-redis HTTP/1.1" 404 1518 "-" "PostmanRuntime/7.54.0"
::1 - - [22/Jul/2026:12:29:05 +0000] "POST /api/v1/auth/logout-with-redis HTTP/1.1" 404 1518 "-" "PostmanRuntime/7.54.0"
::1 - - [22/Jul/2026:12:29:07 +0000] "POST /api/v1/auth/logout-with-redis HTTP/1.1" 404 1518 "-" "PostmanRuntime/7.54.0"
::1 - - [22/Jul/2026:12:29:15 +0000] "POST /api/v1/auth/logout-with-redis HTTP/1.1" 404 1518 "-" "PostmanRuntime/7.54.0"
::1 - - [22/Jul/2026:12:29:50 +0000] "POST /api/v1/auth/logout-with-redis HTTP/1.1" 404 1518 "-" "PostmanRuntime/7.54.0"
::1 - - [22/Jul/2026:12:32:16 +0000] "POST /api/v1/auth/logout-with-redis HTTP/1.1" 404 1518 "-" "PostmanRuntime/7.54.0"
::1 - - [22/Jul/2026:12:32:29 +0000] "POST /api/v1/auth/login HTTP/1.1" 200 558 "-" "PostmanRuntime/7.54.0"
::1 - - [22/Jul/2026:12:32:54 +0000] "POST /api/v1/auth/logout-with-redis HTTP/1.1" 404 1518 "-" "PostmanRuntime/7.54.0"
::1 - - [22/Jul/2026:12:36:34 +0000] "POST /api/v1/auth/logout-with-redis HTTP/1.1" 500 823 "-" "PostmanRuntime/7.54.0"
::1 - - [22/Jul/2026:12:38:05 +0000] "POST /api/v1/auth/logout-with-redis HTTP/1.1" 500 823 "-" "PostmanRuntime/7.54.0"
::1 - - [22/Jul/2026:12:38:42 +0000] "POST /api/v1/auth/logout-with-redis HTTP/1.1" 200 50 "-" "PostmanRuntime/7.54.0"
::1 - - [22/Jul/2026:12:39:18 +0000] "POST /api/v1/auth/logout-with-redis HTTP/1.1" 200 47 "-" "PostmanRuntime/7.54.0"
::1 - - [27/Jul/2026:12:07:55 +0000] "POST /api/v1/auth/signup HTTP/1.1" 201 682 "-" "PostmanRuntime/7.54.0"
::1 - - [27/Jul/2026:12:10:44 +0000] "POST /api/v1/auth/login HTTP/1.1" 200 558 "-" "PostmanRuntime/7.54.0"
::1 - - [27/Jul/2026:12:12:51 +0000] "POST /api/v1/messages/send/6a674a1baac028958f28ed21 HTTP/1.1" 500 1563 "-" "PostmanRuntime/7.54.0"
::1 - - [27/Jul/2026:12:13:41 +0000] "POST /api/v1/messages/send/6a674a1baac028958f28ed21 HTTP/1.1" 500 784 "-" "PostmanRuntime/7.54.0"
::1 - - [27/Jul/2026:12:15:41 +0000] "POST /api/v1/messages/send/6a674a1baac028958f28ed21 HTTP/1.1" 500 1123 "-" "PostmanRuntime/7.54.0"
::1 - - [27/Jul/2026:12:16:18 +0000] "POST /api/v1/messages/send/6a674a1baac028958f28ed21 HTTP/1.1" 201 261 "-" "PostmanRuntime/7.54.0"
::1 - - [27/Jul/2026:12:38:30 +0000] "GET /api/v1/messages/ HTTP/1.1" 500 1648 "-" "PostmanRuntime/7.54.0"
::1 - - [27/Jul/2026:12:39:05 +0000] "POST /api/v1/auth/login HTTP/1.1" 200 558 "-" "PostmanRuntime/7.54.0"
::1 - - [27/Jul/2026:12:39:52 +0000] "GET /api/v1/messages HTTP/1.1" 500 1648 "-" "PostmanRuntime/7.54.0"
::1 - - [27/Jul/2026:12:41:41 +0000] "GET /api/v1/messages HTTP/1.1" 500 1571 "-" "PostmanRuntime/7.54.0"
::1 - - [27/Jul/2026:12:41:51 +0000] "GET /api/v1/messages HTTP/1.1" 500 1571 "-" "PostmanRuntime/7.54.0"
::1 - - [27/Jul/2026:12:42:08 +0000] "GET /api/v1/messages HTTP/1.1" 500 1571 "-" "PostmanRuntime/7.54.0"
::1 - - [27/Jul/2026:12:43:05 +0000] "GET /api/v1/messages HTTP/1.1" 200 131 "-" "PostmanRuntime/7.54.0"
::1 - - [27/Jul/2026:12:51:59 +0000] "PATCH /api/v1/messages/6a674c1124c02581e9a77b08/read HTTP/1.1" 500 353 "-" "PostmanRuntime/7.54.0"
::1 - - [27/Jul/2026:12:52:11 +0000] "POST /api/v1/auth/login HTTP/1.1" 200 558 "-" "PostmanRuntime/7.54.0"
::1 - - [27/Jul/2026:12:52:32 +0000] "PATCH /api/v1/messages/6a674c1124c02581e9a77b08/read HTTP/1.1" 500 353 "-" "PostmanRuntime/7.54.0"
::1 - - [27/Jul/2026:12:53:31 +0000] "PATCH /api/v1/messages/6a674c1124c02581e9a77b08/read HTTP/1.1" 404 613 "-" "PostmanRuntime/7.54.0"
::1 - - [27/Jul/2026:12:54:07 +0000] "PATCH /api/v1/messages/6a674c1124c02581e9a77b08/read HTTP/1.1" 404 613 "-" "PostmanRuntime/7.54.0"
::1 - - [27/Jul/2026:12:56:05 +0000] "PATCH /api/v1/messages/6a674c1124c02581e9a77b08/read HTTP/1.1" 404 613 "-" "PostmanRuntime/7.54.0"
::1 - - [27/Jul/2026:12:56:07 +0000] "PATCH /api/v1/messages/6a674c1124c02581e9a77b08/read HTTP/1.1" 404 613 "-" "PostmanRuntime/7.54.0"
::1 - - [27/Jul/2026:12:58:51 +0000] "PATCH /api/v1/messages/6a674c1124c02581e9a77b08/read HTTP/1.1" 404 807 "-" "PostmanRuntime/7.54.0"
